<?xml version="1.0" encoding="UTF-8"?>
<testsuites>
  <testsuite name="/var/www/phpunit.xml" tests="6" assertions="14" errors="0" failures="0" skipped="0" time="0.217892">
    <testsuite name="Unit" tests="1" assertions="1" errors="0" failures="0" skipped="0" time="0.034048">
      <testsuite name="Tests\Unit\ExampleTest" file="/var/www/tests/Unit/ExampleTest.php" tests="1" assertions="1" errors="0" failures="0" skipped="0" time="0.034048">
        <testcase name="test_that_true_is_true" file="/var/www/tests/Unit/ExampleTest.php" line="12" class="Tests\Unit\ExampleTest" classname="Tests.Unit.ExampleTest" assertions="1" time="0.034048"/>
      </testsuite>
    </testsuite>
    <testsuite name="Feature" tests="5" assertions="13" errors="0" failures="0" skipped="0" time="0.183843">
      <testsuite name="Tests\Feature\ExampleTest" file="/var/www/tests/Feature/ExampleTest.php" tests="1" assertions="1" errors="0" failures="0" skipped="0" time="0.072277">
        <testcase name="test_the_application_returns_a_successful_response" file="/var/www/tests/Feature/ExampleTest.php" line="13" class="Tests\Feature\ExampleTest" classname="Tests.Feature.ExampleTest" assertions="1" time="0.072277"/>
      </testsuite>
      <testsuite name="Tests\Feature\Http\Controllers\CountyControllerFTest" file="/var/www/tests/Feature/Http/Controllers/CountyControllerFTest.php" tests="4" assertions="12" errors="0" failures="0" skipped="0" time="0.111567">
        <testcase name="testCountyControllerWithBrasilApiSuccess" file="/var/www/tests/Feature/Http/Controllers/CountyControllerFTest.php" line="28" class="Tests\Feature\Http\Controllers\CountyControllerFTest" classname="Tests.Feature.Http.Controllers.CountyControllerFTest" assertions="3" time="0.070351"/>
        <testcase name="testCountyControllerWithBrasilApiWithInsensitiveCaseSuccess" file="/var/www/tests/Feature/Http/Controllers/CountyControllerFTest.php" line="70" class="Tests\Feature\Http\Controllers\CountyControllerFTest" classname="Tests.Feature.Http.Controllers.CountyControllerFTest" assertions="3" time="0.010715"/>
        <testcase name="testCountyControllerWithBrasilApiWithPaginationSuccess" file="/var/www/tests/Feature/Http/Controllers/CountyControllerFTest.php" line="113" class="Tests\Feature\Http\Controllers\CountyControllerFTest" classname="Tests.Feature.Http.Controllers.CountyControllerFTest" assertions="3" time="0.012774"/>
        <testcase name="testCountyControllerWithBrasilApiError" file="/var/www/tests/Feature/Http/Controllers/CountyControllerFTest.php" line="358" class="Tests\Feature\Http\Controllers\CountyControllerFTest" classname="Tests.Feature.Http.Controllers.CountyControllerFTest" assertions="3" time="0.017726"/>
      </testsuite>
    </testsuite>
  </testsuite>
</testsuites>
